// Jest Snapshot v1, https://goo.gl/fbAQLP

exports[`the VenueListItem component should correctly render the VenueListItem component 1`] = `
<li
  className="venues-list__item"
  onClick={[Function]}
>
  test name
</li>
`;
